
obj/kern/kernel:     file format elf32-i386

Contents of .stab section:

Symnum n_type n_othr n_desc n_value  n_strx String

-1     HdrSym 0      1224   0000164f 1     
0      SO     0      0      f0100000 1      {standard input}
1      SOL    0      0      f010000c 18     kern/entry.S
2      SLINE  0      44     f010000c 0      
3      SLINE  0      57     f0100015 0      
4      SLINE  0      58     f010001a 0      
5      SLINE  0      60     f010001d 0      
6      SLINE  0      61     f0100020 0      
7      SLINE  0      62     f0100025 0      
8      SLINE  0      67     f0100028 0      
9      SLINE  0      68     f010002d 0      
10     SLINE  0      74     f010002f 0      
11     SLINE  0      77     f0100034 0      
12     SLINE  0      80     f0100039 0      
13     SLINE  0      83     f010003e 0      
14     SO     0      2      f0100040 31     kern/entrypgdir.c
15     OPT    0      0      00000000 49     gcc2_compiled.
16     GSYM   0      0      00000000 64     entry_pgdir:G(0,1)=ar(0,2)=r(0,2);0;4294967295;;0;1023;(0,3)=(0,4)=(0,5)=r(0,5);0;4294967295;
17     LSYM   0      0      00000000 158    pde_t:t(0,3)
18     LSYM   0      0      00000000 171    uint32_t:t(0,4)
19     LSYM   0      0      00000000 187    unsigned int:t(0,5)
20     GSYM   0      0      00000000 207    entry_pgtable:G(0,6)=ar(0,2);0;1023;(0,7)=(0,4)
21     LSYM   0      0      00000000 255    pte_t:t(0,7)
22     SO     0      0      f0100040 0      
23     SO     0      2      f0100040 268    kern/init.c
24     OPT    0      0      00000000 49     gcc2_compiled.
25     FUN    0      0      f0100040 280    test_backtrace:F(0,1)=(0,1)
26     LSYM   0      0      00000000 308    void:t(0,1)
27     PSYM   0      0      00000008 320    x:p(0,2)=r(0,2);-2147483648;2147483647;
28     LSYM   0      0      00000000 360    int:t(0,2)
29     SLINE  0      13     00000000 0      
30     SLINE  0      14     00000013 0      
31     SLINE  0      15     00000023 0      
32     SLINE  0      16     0000002a 0      
33     SLINE  0      19     00000039 0      
34     SLINE  0      20     00000049 0      
35     SLINE  0      18     00000053 0      
36     RSYM   0      0      00000006 371    x:r(0,2)
37     FUN    0      0      f01000a6 380    i386_init:F(0,1)
38     SLINE  0      24     00000000 0      
39     SLINE  0      30     00000012 0      
40     SLINE  0      30     00000020 0      
41     SLINE  0      34     00000029 0      
42     SLINE  0      36     0000002e 0      
43     SLINE  0      39     00000042 0      
44     SLINE  0      43     00000051 0      
45     FUN    0      0      f0100106 397    _panic:F(0,1)
46     PSYM   0      0      00000008 411    file:p(0,3)=*(0,4)=r(0,4);0;127;
47     PSYM   0      0      0000000c 444    line:p(0,2)
48     PSYM   0      0      00000010 456    fmt:p(0,3)
49     LSYM   0      0      00000000 467    char:t(0,4)
50     SLINE  0      59     00000000 0      
51     SLINE  0      62     00000010 0      
52     SLINE  0      78     00000019 0      
53     SLINE  0      64     00000028 0      
54     SLINE  0      67     00000031 0      
55     SLINE  0      69     00000033 0      
56     SLINE  0      70     00000036 0      
57     SLINE  0      71     0000004b 0      
58     SLINE  0      72     00000057 0      
59     FUN    0      0      f0100170 479    _warn:F(0,1)
60     PSYM   0      0      00000008 492    file:p(0,3)
61     PSYM   0      0      0000000c 444    line:p(0,2)
62     PSYM   0      0      00000010 456    fmt:p(0,3)
63     SLINE  0      84     00000000 0      
64     SLINE  0      87     00000010 0      
65     SLINE  0      88     00000013 0      
66     SLINE  0      89     00000028 0      
67     SLINE  0      90     00000034 0      
68     SLINE  0      92     00000042 0      
69     GSYM   0      0      00000000 504    panicstr:G(0,3)
70     SO     0      0      f01001bc 0      
71     SO     0      2      f01001c0 520    kern/console.c
72     OPT    0      0      00000000 49     gcc2_compiled.
73     FUN    0      0      f01001c0 535    serial_proc_data:f(0,1)=r(0,1);-2147483648;2147483647;
74     LSYM   0      0      00000000 590    int:t(0,1)
75     SLINE  0      52     00000000 0      
76     SOL    0      0      f01001c0 601    ./inc/x86.h
77     SLINE  0      16     00000000 0      
78     SOL    0      0      f01001c6 520    kern/console.c
79     SLINE  0      53     00000006 0      
80     SOL    0      0      f01001ca 601    ./inc/x86.h
81     SLINE  0      16     0000000a 0      
82     SOL    0      0      f01001d0 520    kern/console.c
83     SLINE  0      55     00000010 0      
84     SLINE  0      54     00000014 0      
85     SLINE  0      56     00000019 0      
86     LSYM   0      0      00000000 613    uint8_t:t(0,2)=(0,3)=r(0,3);0;255;
87     LSYM   0      0      00000000 648    unsigned char:t(0,3)
88     FUN    0      0      f01001da 669    cons_intr:f(0,4)=(0,4)
89     LSYM   0      0      00000000 692    void:t(0,4)
90     RSYM   0      0      00000007 704    proc:P(0,5)=*(0,6)=f(0,1)
91     SLINE  0      397    00000000 0      
92     SLINE  0      403    00000016 0      
93     SLINE  0      403    0000001c 0      
94     SLINE  0      400    00000025 0      
95     SLINE  0      403    00000027 0      
96     SLINE  0      403    0000002e 0      
97     SLINE  0      403    00000031 0      
98     SLINE  0      404    00000037 0      
99     SLINE  0      405    0000003d 0      
100    SLINE  0      400    0000004c 0      
101    SLINE  0      400    00000051 0      
102    SLINE  0      401    00000056 0      
103    SLINE  0      407    0000005c 0      
104    RSYM   0      0      00000000 730    c:r(0,1)
105    LBRAC  0      0      00000000 0      
106    RBRAC  0      0      00000064 0      
107    FUN    0      0      f010023e 739    kbd_proc_data:f(0,1)
108    SLINE  0      317    00000000 0      
109    SOL    0      0      f010024e 601    ./inc/x86.h
110    SLINE  0      16     00000010 0      
111    SOL    0      0      f0100254 520    kern/console.c
112    SLINE  0      323    00000016 0      
113    SLINE  0      326    0000001e 0      
114    SOL    0      0      f0100264 601    ./inc/x86.h
115    SLINE  0      16     00000026 0      
116    SOL    0      0      f010026c 520    kern/console.c
117    SLINE  0      331    0000002e 0      
118    SLINE  0      335    00000032 0      
119    SLINE  0      340    00000036 0      
120    SLINE  0      340    0000003c 0      
121    SLINE  0      342    00000041 0      
122    SLINE  0      343    00000046 0      
123    SLINE  0      346    0000004f 0      
124    SLINE  0      346    0000005a 0      
125    SLINE  0      347    00000060 0      
126    SLINE  0      347    00000068 0      
127    SLINE  0      349    00000070 0      
128    SLINE  0      349    00000075 0      
129    SLINE  0      349    00000080 0      
130    SLINE  0      350    00000083 0      
131    SLINE  0      351    00000087 0      
132    SLINE  0      351    0000008c 0      
133    SLINE  0      352    00000091 0      
134    SLINE  0      333    00000096 0      
135    SLINE  0      334    0000009d 0      
136    SLINE  0      365    000000a2 0      
137    SLINE  0      337    000000ab 0      
138    SLINE  0      337    000000b1 0      
139    SLINE  0      338    000000ba 0      
140    SLINE  0      338    000000bd 0      
141    SLINE  0      338    000000cb 0      
142    SLINE  0      338    000000cd 0      
143    SLINE  0      339    000000d5 0      
144    SLINE  0      353    000000dc 0      
145    SLINE  0      354    000000df 0      
146    SLINE  0      359    000000e8 0      
147    SLINE  0      359    000000ea 0      
148    SLINE  0      360    000000f6 0      
149    SOL    0      0      f0100343 601    ./inc/x86.h
150    SLINE  0      66     00000105 0      
151    SLINE  0      67     00000110 0      
152    SOL    0      0      f0100353 520    kern/console.c
153    SLINE  0      324    00000115 0      
154    SLINE  0      327    0000011c 0      
155    RSYM   0      0      00000006 730    c:r(0,1)
156    RSYM   0      0      00000002 760    data:r(0,2)
157    LCSYM  0      0      f01130a0 772    shift:V(0,7)=(0,8)=r(0,8);0;4294967295;
158    LSYM   0      0      00000000 812    uint32_t:t(0,7)
159    LSYM   0      0      00000000 828    unsigned int:t(0,8)
160    LBRAC  0      0      00000000 0      
161    RSYM   0      0      00000002 760    data:r(0,2)
162    LBRAC  0      0      00000026 0      
163    RBRAC  0      0      0000002e 0      
164    RBRAC  0      0      00000126 0      
165    FUN    0      0      f0100364 848    cons_putc:f(0,4)
166    RSYM   0      0      00000000 865    c:P(0,1)
167    SLINE  0      434    00000000 0      
168    SLINE  0      70     00000017 0      
169    SOL    0      0      f0100380 601    ./inc/x86.h
170    SLINE  0      16     0000001c 0      
171    SOL    0      0      f010038d 520    kern/console.c
172    SLINE  0      71     00000029 0      
173    SOL    0      0      f0100399 601    ./inc/x86.h
174    SLINE  0      16     00000035 0      
175    SOL    0      0      f010039f 520    kern/console.c
176    SLINE  0      72     0000003b 0      
177    SLINE  0      75     00000040 0      
178    SOL    0      0      f01003ab 601    ./inc/x86.h
179    SLINE  0      66     00000047 0      
180    SOL    0      0      f01003b1 520    kern/console.c
181    SLINE  0      116    0000004d 0      
182    SOL    0      0      f01003b6 601    ./inc/x86.h
183    SLINE  0      16     00000052 0      
184    SOL    0      0      f01003c3 520    kern/console.c
185    SLINE  0      116    0000005f 0      
186    SOL    0      0      f01003cf 601    ./inc/x86.h
187    SLINE  0      16     0000006b 0      
188    SOL    0      0      f01003d5 520    kern/console.c
189    SLINE  0      116    00000071 0      
190    SOL    0      0      f01003da 601    ./inc/x86.h
191    SLINE  0      66     00000076 0      
192    SOL    0      0      f01003f5 520    kern/console.c
193    SLINE  0      167    00000091 0      
194    SLINE  0      169    000000a7 0      
195    SLINE  0      169    000000aa 0      
196    SLINE  0      183    000000cc 0      
197    SLINE  0      184    000000d6 0      
198    SLINE  0      185    000000e0 0      
199    SLINE  0      186    000000ea 0      
200    SLINE  0      187    000000f4 0      
201    SLINE  0      188    000000fe 0      
202    SLINE  0      169    00000100 0      
203    SLINE  0      180    00000109 0      
204    SLINE  0      195    00000126 0      
205    SLINE  0      205    00000135 0      
206    SOL    0      0      f010049f 601    ./inc/x86.h
207    SLINE  0      66     0000013b 0      
208    SOL    0      0      f01004a7 520    kern/console.c
209    SLINE  0      206    00000143 0      
210    SLINE  0      206    0000014a 0      
211    SLINE  0      206    0000014d 0      
212    SOL    0      0      f01004b7 601    ./inc/x86.h
213    SLINE  0      66     00000153 0      
214    SOL    0      0      f01004c7 520    kern/console.c
215    SLINE  0      438    00000163 0      
216    SLINE  0      171    0000016b 0      
217    SLINE  0      171    00000172 0      
218    SLINE  0      172    00000177 0      
219    SLINE  0      173    00000181 0      
220    SLINE  0      173    00000184 0      
221    SLINE  0      173    0000018a 0      
222    SLINE  0      177    00000199 0      
223    SLINE  0      190    000001a6 0      
224    SLINE  0      190    000001ba 0      
225    SLINE  0      191    000001c8 0      
226    SLINE  0      198    000001cd 0      
227    SLINE  0      198    000001db 0      
228    SLINE  0      198    000001e1 0      
229    SLINE  0      200    000001e8 0      
230    SLINE  0      200    000001fd 0      
231    SLINE  0      199    00000202 0      
232    SLINE  0      201    00000209 0      
233    RSYM   0      0      00000006 874    i:r(0,1)
234    LBRAC  0      0      00000017 0      
235    RBRAC  0      0      0000004d 0      
236    RSYM   0      0      00000006 874    i:r(0,1)
237    LBRAC  0      0      0000004d 0      
238    RBRAC  0      0      00000091 0      
239    FUN    0      0      f010057a 883    serial_intr:F(0,4)
240    SLINE  0      60     00000000 0      
241    SLINE  0      61     0000000a 0      
242    SLINE  0      60     00000014 0      
243    SLINE  0      62     0000001a 0      
244    SLINE  0      63     00000025 0      
245    FUN    0      0      f01005a1 902    kbd_intr:F(0,4)
246    SLINE  0      369    00000000 0      
247    SLINE  0      370    00000010 0      
248    SLINE  0      371    0000001b 0      
249    FUN    0      0      f01005be 918    cons_getc:F(0,1)
250    SLINE  0      412    00000000 0      
251    SLINE  0      418    00000012 0      
252    SLINE  0      419    00000017 0      
253    SLINE  0      422    0000001c 0      
254    SLINE  0      428    00000022 0      
255    SLINE  0      422    00000027 0      
256    SLINE  0      423    0000002f 0      
257    SLINE  0      423    00000032 0      
258    SLINE  0      425    0000003a 0      
259    SLINE  0      429    0000004d 0      
260    RSYM   0      0      00000002 730    c:r(0,1)
261    LBRAC  0      0      00000000 0      
262    RBRAC  0      0      00000054 0      
263    FUN    0      0      f0100612 935    cons_init:F(0,4)
264    SLINE  0      443    00000000 0      
265    SLINE  0      140    00000014 0      
266    SLINE  0      141    0000001b 0      
267    SLINE  0      142    00000024 0      
268    SLINE  0      143    00000030 0      
269    SLINE  0      142    00000035 0      
270    SLINE  0      144    0000003f 0      
271    SOL    0      0      f0100657 601    ./inc/x86.h
272    SLINE  0      66     00000045 0      
273    SOL    0      0      f010065f 520    kern/console.c
274    SLINE  0      152    0000004d 0      
275    SOL    0      0      f0100662 601    ./inc/x86.h
276    SLINE  0      16     00000050 0      
277    SOL    0      0      f0100665 520    kern/console.c
278    SLINE  0      152    00000053 0      
279    SLINE  0      152    00000056 0      
280    SOL    0      0      f010066e 601    ./inc/x86.h
281    SLINE  0      66     0000005c 0      
282    SLINE  0      16     00000064 0      
283    SOL    0      0      f0100679 520    kern/console.c
284    SLINE  0      156    00000067 0      
285    SLINE  0      154    0000006d 0      
286    SLINE  0      154    00000070 0      
287    SLINE  0      157    00000073 0      
288    SOL    0      0      f010068c 601    ./inc/x86.h
289    SLINE  0      66     0000007a 0      
290    SLINE  0      16     000000c1 0      
291    SOL    0      0      f01006db 520    kern/console.c
292    SLINE  0      99     000000c9 0      
293    SLINE  0      99     000000cb 0      
294    SOL    0      0      f01006e4 601    ./inc/x86.h
295    SLINE  0      16     000000d2 0      
296    SOL    0      0      f01006f0 520    kern/console.c
297    SLINE  0      448    000000de 0      
298    SLINE  0      450    000000e3 0      
299    SLINE  0      146    000000eb 0      
300    SLINE  0      139    000000f7 0      
301    SLINE  0      449    00000101 0      
302    SLINE  0      450    00000113 0      
303    RSYM   0      0      00000007 952    cp:r(0,9)=*(0,10)=(0,11)=r(0,11);0;65535;
304    LSYM   0      0      00000000 994    uint16_t:t(0,10)
305    LSYM   0      0      00000000 1011   short unsigned int:t(0,11)
306    RSYM   0      0      00000002 1038   was:r(0,10)
307    LBRAC  0      0      00000014 0      
308    RBRAC  0      0      0000007a 0      
309    RSYM   0      0      00000007 1050   cp:r(0,9)
310    RSYM   0      0      00000002 1038   was:r(0,10)
311    LBRAC  0      0      000000eb 0      
312    RBRAC  0      0      00000101 0      
313    FUN    0      0      f0100727 1060   cputchar:F(0,4)
314    PSYM   0      0      00000008 1076   c:p(0,1)
315    SLINE  0      457    00000000 0      
316    SLINE  0      458    00000006 0      
317    SLINE  0      459    0000000e 0      
318    FUN    0      0      f0100737 1085   getchar:F(0,1)
319    SLINE  0      463    00000000 0      
320    SLINE  0      466    00000006 0      
321    SLINE  0      466    0000000b 0      
322    SLINE  0      469    0000000f 0      
323    RSYM   0      0      00000000 730    c:r(0,1)
324    LBRAC  0      0      00000000 0      
325    RBRAC  0      0      00000011 0      
326    FUN    0      0      f0100748 1100   iscons:F(0,1)
327    PSYM   0      0      00000008 1114   fdnum:p(0,1)
328    SLINE  0      473    00000000 0      
329    SLINE  0      476    00000000 0      
330    LCSYM  0      0      f01130a0 1127   shift:V(0,7)
331    LCSYM  0      0      f01130c0 1140   cons:S(0,12)=s520buf:(0,13)=ar(0,14)=r(0,14);0;4294967295;;0;511;(0,2),0,4096;rpos:(0,7),4096,32;wpos:(0,7),4128,32;;
332    STSYM  0      0      f0113000 1258   charcode:S(0,15)=ar(0,14);0;3;(0,16)=*(0,2)
333    STSYM  0      0      f0111000 1302   ctlmap:S(0,17)=ar(0,14);0;255;(0,2)
334    STSYM  0      0      f0111100 1338   shiftmap:S(0,17)
335    STSYM  0      0      f0111200 1355   normalmap:S(0,17)
336    STSYM  0      0      f0101c40 1373   togglecode:S(0,17)
337    STSYM  0      0      f0101d40 1392   shiftcode:S(0,17)
338    LCSYM  0      0      f01132c8 1410   crt_pos:S(0,10)
339    LCSYM  0      0      f01132cc 1426   crt_buf:S(0,18)=*(0,10)
340    LCSYM  0      0      f01132d0 1450   addr_6845:S(0,8)
341    LCSYM  0      0      f01132d4 1467   serial_exists:S(0,19)=(0,20)=eFalse:0,True:1,;
342    LSYM   0      0      00000000 1514   bool:t(0,19)
343    LSYM   0      0      00000000 1527   _Bool:t(0,20)
344    SO     0      0      f010074e 0      
345    SO     0      2      f0100756 1541   kern/monitor.c
346    OPT    0      0      00000000 49     gcc2_compiled.
347    FUN    0      0      f0100756 1556   mon_help:F(0,1)=r(0,1);-2147483648;2147483647;
348    LSYM   0      0      00000000 590    int:t(0,1)
349    PSYM   0      0      00000008 1603   argc:p(0,1)
350    PSYM   0      0      0000000c 1615   argv:p(0,2)=*(0,3)=*(0,4)=r(0,4);0;127;
351    PSYM   0      0      00000010 1655   tf:p(0,5)=*(0,6)=xsTrapframe:
352    LSYM   0      0      00000000 467    char:t(0,4)
353    SLINE  0      35     00000000 0      
354    SLINE  0      39     00000010 0      
355    SLINE  0      41     00000072 0      
356    FUN    0      0      f01007d4 1685   mon_kerninfo:F(0,1)
357    LSYM   0      0      00000000 1705   unsigned int:t(0,7)=r(0,7);0;4294967295;
358    LSYM   0      0      00000000 1746   uint32_t:t(0,8)=(0,7)
359    PSYM   0      0      00000008 1603   argc:p(0,1)
360    PSYM   0      0      0000000c 1768   argv:p(0,2)
361    PSYM   0      0      00000010 1780   tf:p(0,5)
362    SLINE  0      45     00000000 0      
363    SLINE  0      48     00000014 0      
364    SLINE  0      49     00000020 0      
365    SLINE  0      50     00000035 0      
366    SLINE  0      51     00000052 0      
367    SLINE  0      52     0000006f 0      
368    SLINE  0      53     0000008c 0      
369    SLINE  0      54     000000a9 0      
370    SLINE  0      55     000000ac 0      
371    SLINE  0      54     000000b4 0      
372    SLINE  0      57     000000c4 0      
373    FUN    0      0      f01008a5 1790   mon_meow:F(0,1)
374    PSYM   0      0      00000008 1603   argc:p(0,1)
375    PSYM   0      0      0000000c 1768   argv:p(0,2)
376    PSYM   0      0      00000010 1780   tf:p(0,5)
377    SLINE  0      61     00000000 0      
378    SLINE  0      62     00000012 0      
379    SLINE  0      64     0000001e 0      
380    FUN    0      0      f01008cd 1806   mon_backtrace:F(0,1)
381    PSYM   0      0      00000008 1603   argc:p(0,1)
382    PSYM   0      0      0000000c 1768   argv:p(0,2)
383    PSYM   0      0      00000010 1780   tf:p(0,5)
384    SLINE  0      68     00000000 0      
385    SLINE  0      70     00000014 0      
386    SOL    0      0      f01008ed 601    ./inc/x86.h
387    SLINE  0      214    00000020 0      
388    SOL    0      0      f01008ef 1541   kern/monitor.c
389    SLINE  0      72     00000022 0      
390    SLINE  0      74     00000025 0      
391    SLINE  0      75     0000002e 0      
392    SLINE  0      72     00000037 0      
393    SLINE  0      73     00000039 0      
394    SLINE  0      74     0000003c 0      
395    SLINE  0      75     00000049 0      
396    SLINE  0      77     00000063 0      
397    SLINE  0      78     00000070 0      
398    SLINE  0      79     00000085 0      
399    SLINE  0      81     0000009a 0      
400    SLINE  0      82     000000ad 0      
401    SLINE  0      72     000000b2 0      
402    SLINE  0      86     000000b6 0      
403    RSYM   0      0      00000006 1827   ebp:r(0,9)=*(0,8)
404    RSYM   0      0      00000007 1845   eip:r(0,8)
405    LBRAC  0      0      00000000 0      
406    LSYM   0      0      ffffffe0 1856   info:(0,10)=xsEipdebuginfo:
407    LSYM   0      0      00000000 1884   Eipdebuginfo:T(0,10)=s24eip_file:(0,11)=*(0,4),0,32;eip_line:(0,1),32,32;eip_fn_name:(0,11),64,32;eip_fn_namelen:(0,1),96,32;eip_fn_addr:(0,12)=(0,8),128,32;eip_fn_narg:(0,1),160,32;;
408    LSYM   0      0      00000000 2068   uintptr_t:t(0,12)
409    LBRAC  0      0      00000025 0      
410    RBRAC  0      0      00000037 0      
411    LSYM   0      0      ffffffe0 2086   info:(0,10)
412    LBRAC  0      0      00000039 0      
413    RBRAC  0      0      000000b2 0      
414    RBRAC  0      0      000000c3 0      
415    FUN    0      0      f0100990 2098   monitor:F(0,13)=(0,13)
416    LSYM   0      0      00000000 2121   void:t(0,13)
417    PSYM   0      0      00000008 1780   tf:p(0,5)
418    SLINE  0      134    00000000 0      
419    SLINE  0      137    00000014 0      
420    SLINE  0      138    00000020 0      
421    SLINE  0      105    00000031 0      
422    SLINE  0      105    00000046 0      
423    SLINE  0      106    0000004d 0      
424    SLINE  0      106    00000050 0      
425    SLINE  0      107    00000055 0      
426    SLINE  0      111    0000005a 0      
427    SLINE  0      115    00000060 0      
428    SLINE  0      115    00000069 0      
429    SLINE  0      116    0000006d 0      
430    SLINE  0      112    0000006f 0      
431    SLINE  0      113    00000080 0      
432    SLINE  0      141    00000083 0      
433    SLINE  0      142    00000094 0      
434    SLINE  0      102    0000009b 0      
435    SLINE  0      101    000000a4 0      
436    SLINE  0      117    000000ad 0      
437    SLINE  0      116    000000b0 0      
438    SLINE  0      116    000000b3 0      
439    SLINE  0      116    000000b7 0      
440    SLINE  0      116    000000c4 0      
441    SLINE  0      105    000000cb 0      
442    SLINE  0      105    000000ce 0      
443    SLINE  0      119    000000d6 0      
444    SLINE  0      122    000000e1 0      
445    SLINE  0      124    000000eb 0      
446    SLINE  0      125    000000f5 0      
447    SLINE  0      125    00000102 0      
448    SLINE  0      124    00000109 0      
449    SLINE  0      124    0000010c 0      
450    SLINE  0      128    00000114 0      
451    SLINE  0      129    00000129 0      
452    SLINE  0      126    00000131 0      
453    SLINE  0      126    00000139 0      
454    SLINE  0      126    0000013c 0      
455    SLINE  0      143    0000014d 0      
456    SLINE  0      146    00000158 0      
457    RSYM   0      0      00000006 2134   buf:r(0,3)
458    LBRAC  0      0      00000000 0      
459    LSYM   0      0      ffffffb8 2145   argv:(0,14)=ar(0,15)=r(0,15);0;4294967295;;0;15;(0,3)
460    LBRAC  0      0      00000031 0      
461    RBRAC  0      0      00000083 0      
462    LSYM   0      0      ffffffb8 2199   argv:(0,14)
463    LBRAC  0      0      0000009b 0      
464    RBRAC  0      0      0000014d 0      
465    RBRAC  0      0      00000160 0      
466    STSYM  0      0      f0113020 2211   commands:S(0,16)=ar(0,15);0;3;(0,17)=xsCommand:
467    LSYM   0      0      00000000 2259   Command:T(0,17)=s12name:(0,11),0,32;desc:(0,11),32,32;func:(0,18)=*(0,19)=f(0,1),64,32;;
468    SO     0      0      f0100af0 0      
469    SO     0      2      f0100af0 2348   kern/printf.c
470    OPT    0      0      00000000 49     gcc2_compiled.
471    FUN    0      0      f0100af0 2362   putch:f(0,1)=(0,1)
472    LSYM   0      0      00000000 308    void:t(0,1)
473    PSYM   0      0      00000008 2381   ch:p(0,2)=r(0,2);-2147483648;2147483647;
474    PSYM   0      0      0000000c 2422   cnt:p(0,3)=*(0,2)
475    LSYM   0      0      00000000 360    int:t(0,2)
476    SLINE  0      11     00000000 0      
477    SLINE  0      12     00000012 0      
478    SLINE  0      14     0000001a 0      
479    FUN    0      0      f0100b12 2440   vcprintf:F(0,2)
480    PSYM   0      0      00000008 2456   fmt:p(0,4)=*(0,5)=r(0,5);0;127;
481    PSYM   0      0      0000000c 2488   ap:p(0,6)=(0,7)=*(0,5)
482    LSYM   0      0      00000000 2511   char:t(0,5)
483    LSYM   0      0      00000000 2523   va_list:t(0,6)
484    SLINE  0      18     00000000 0      
485    SLINE  0      20     00000012 0      
486    SLINE  0      22     00000019 0      
487    SLINE  0      24     0000002f 0      
488    LSYM   0      0      fffffff4 2538   cnt:(0,2)
489    LBRAC  0      0      00000000 0      
490    RBRAC  0      0      00000037 0      
491    FUN    0      0      f0100b49 2548   cprintf:F(0,2)
492    PSYM   0      0      00000008 2563   fmt:p(0,4)
493    SLINE  0      28     00000000 0      
494    SLINE  0      32     00000006 0      
495    SLINE  0      33     00000009 0      
496    SLINE  0      37     00000012 0      
497    RSYM   0      0      00000000 2574   cnt:r(0,2)
498    LBRAC  0      0      00000000 0      
499    RBRAC  0      0      00000014 0      
500    SO     0      0      f0100b5d 0      
501    SO     0      2      f0100b5d 2585   kern/kdebug.c
502    OPT    0      0      00000000 49     gcc2_compiled.
503    FUN    0      0      f0100b5d 2599   stab_binsearch:f(0,1)=(0,1)
504    LSYM   0      0      00000000 308    void:t(0,1)
505    RSYM   0      0      00000000 2627   stabs:P(0,2)=*(0,3)=xsStab:
506    RSYM   0      0      00000002 2655   region_left:P(0,4)=*(0,5)=r(0,5);-2147483648;2147483647;
507    RSYM   0      0      00000001 2712   region_right:P(0,4)
508    PSYM   0      0      00000008 2732   type:p(0,5)
509    PSYM   0      0      0000000c 2744   addr:p(0,6)=(0,7)=(0,8)=r(0,8);0;4294967295;
510    LSYM   0      0      00000000 2789   Stab:T(0,3)=s12n_strx:(0,7),0,32;n_type:(0,9)=(0,10)=r(0,10);0;255;,32,8;n_other:(0,9),40,8;n_desc:(0,11)=(0,12)=r(0,12);0;65535;,48,16;n_value:(0,6),64,32;;
511    LSYM   0      0      00000000 2947   int:t(0,5)
512    LSYM   0      0      00000000 2958   uintptr_t:t(0,6)
513    LSYM   0      0      00000000 812    uint32_t:t(0,7)
514    LSYM   0      0      00000000 828    unsigned int:t(0,8)
515    LSYM   0      0      00000000 2975   uint8_t:t(0,9)
516    LSYM   0      0      00000000 2990   unsigned char:t(0,10)
517    LSYM   0      0      00000000 3012   uint16_t:t(0,11)
518    LSYM   0      0      00000000 3029   short unsigned int:t(0,12)
519    SLINE  0      53     00000000 0      
520    SLINE  0      54     00000015 0      
521    SLINE  0      54     00000017 0      
522    SLINE  0      54     0000001c 0      
523    SLINE  0      56     00000023 0      
524    SLINE  0      61     00000025 0      
525    SLINE  0      60     00000028 0      
526    SLINE  0      60     0000002c 0      
527    SLINE  0      60     0000002f 0      
528    SLINE  0      69     00000036 0      
529    SLINE  0      69     00000040 0      
530    SLINE  0      70     00000045 0      
531    SLINE  0      71     0000004a 0      
532    SLINE  0      68     0000004d 0      
533    SLINE  0      56     00000054 0      
534    SLINE  0      57     00000059 0      
535    SLINE  0      57     0000005f 0      
536    SLINE  0      57     00000076 0      
537    SLINE  0      60     00000078 0      
538    SLINE  0      63     0000007a 0      
539    SLINE  0      64     0000007d 0      
540    SLINE  0      72     0000007f 0      
541    SLINE  0      73     00000084 0      
542    SLINE  0      73     0000008a 0      
543    SLINE  0      68     0000008f 0      
544    SLINE  0      78     00000098 0      
545    SLINE  0      80     0000009d 0      
546    SLINE  0      68     000000a3 0      
547    SLINE  0      84     000000ac 0      
548    SLINE  0      85     000000b2 0      
549    SLINE  0      85     000000ba 0      
550    SLINE  0      94     000000bf 0      
551    SLINE  0      88     000000c7 0      
552    SLINE  0      89     000000cc 0      
553    SLINE  0      89     000000db 0      
554    SLINE  0      89     000000df 0      
555    SLINE  0      89     000000e2 0      
556    SLINE  0      90     000000e9 0      
557    SLINE  0      92     000000ee 0      
558    SLINE  0      94     000000f3 0      
559    RSYM   0      0      00000006 3056   type:r(0,5)
560    RSYM   0      0      00000000 3068   m:r(0,5)
561    LBRAC  0      0      00000025 0      
562    RBRAC  0      0      00000054 0      
563    RSYM   0      0      00000000 3068   m:r(0,5)
564    LBRAC  0      0      00000059 0      
565    RBRAC  0      0      000000ac 0      
566    FUN    0      0      f0100c52 3077   debuginfo_eip:F(0,5)
567    PSYM   0      0      00000008 3098   addr:p(0,6)
568    PSYM   0      0      0000000c 3110   info:p(0,13)=*(0,14)=xsEipdebuginfo:
569    LSYM   0      0      00000000 3147   Eipdebuginfo:T(0,14)=s24eip_file:(0,15)=*(0,16)=r(0,16);0;127;,0,32;eip_line:(0,5),32,32;eip_fn_name:(0,15),64,32;eip_fn_namelen:(0,5),96,32;eip_fn_addr:(0,6),128,32;eip_fn_narg:(0,5),160,32;;
570    LSYM   0      0      00000000 3340   char:t(0,16)
571    SLINE  0      106    00000000 0      
572    SLINE  0      112    00000017 0      
573    SLINE  0      113    0000001f 0      
574    SLINE  0      114    00000026 0      
575    SLINE  0      115    00000029 0      
576    SLINE  0      116    00000030 0      
577    SLINE  0      117    00000036 0      
578    SLINE  0      120    0000003d 0      
579    SLINE  0      131    00000048 0      
580    SLINE  0      131    0000005a 0      
581    SLINE  0      131    00000060 0      
582    SLINE  0      140    0000006a 0      
583    SLINE  0      141    00000071 0      
584    SLINE  0      141    00000088 0      
585    SLINE  0      142    0000008e 0      
586    SLINE  0      143    000000a1 0      
587    SLINE  0      143    000000a4 0      
588    SLINE  0      148    000000af 0      
589    SLINE  0      149    000000b2 0      
590    SLINE  0      150    000000bb 0      
591    SLINE  0      152    000000d4 0      
592    SLINE  0      152    000000e0 0      
593    SLINE  0      155    000000e9 0      
594    SLINE  0      155    000000f5 0      
595    SLINE  0      155    000000f7 0      
596    SLINE  0      155    00000103 0      
597    SLINE  0      156    00000107 0      
598    SLINE  0      157    00000110 0      
599    SLINE  0      157    00000113 0      
600    SLINE  0      158    00000116 0      
601    SLINE  0      160    00000122 0      
602    SLINE  0      161    00000125 0      
603    SLINE  0      170    0000012b 0      
604    SLINE  0      170    00000138 0      
605    SLINE  0      170    0000013b 0      
606    SLINE  0      182    0000013e 0      
607    SLINE  0      183    00000157 0      
608    SLINE  0      183    0000015a 0      
609    SLINE  0      187    00000165 0      
610    SLINE  0      187    0000016b 0      
611    SLINE  0      195    00000183 0      
612    SLINE  0      127    00000185 0      
613    SLINE  0      197    000001a3 0      
614    SLINE  0      196    000001a7 0      
615    SLINE  0      196    000001aa 0      
616    SLINE  0      197    000001af 0      
617    SLINE  0      197    000001b4 0      
618    SLINE  0      199    000001ba 0      
619    SLINE  0      199    000001c9 0      
620    SLINE  0      199    000001d5 0      
621    SLINE  0      200    000001d9 0      
622    SLINE  0      211    000001e6 0      
623    SLINE  0      205    000001eb 0      
624    SLINE  0      206    000001f5 0      
625    SLINE  0      206    0000020a 0      
626    SLINE  0      209    0000020c 0      
627    SLINE  0      207    00000210 0      
628    SLINE  0      207    00000214 0      
629    SLINE  0      207    00000217 0      
630    SLINE  0      211    00000222 0      
631    SLINE  0      132    00000229 0      
632    SLINE  0      144    00000237 0      
633    SLINE  0      184    0000023e 0      
634    SLINE  0      211    00000245 0      
635    SLINE  0      212    0000024a 0      
636    LSYM   0      0      fffffff4 3353   lfile:(0,5)
637    LSYM   0      0      fffffff0 3365   rfile:(0,5)
638    LSYM   0      0      ffffffec 3377   lfun:(0,5)
639    LSYM   0      0      ffffffe8 3388   rfun:(0,5)
640    LSYM   0      0      ffffffe4 3399   lline:(0,5)
641    LSYM   0      0      ffffffe0 3411   rline:(0,5)
642    RSYM   0      0      00000006 3423   info:r(0,13)
643    LBRAC  0      0      00000000 0      
644    RBRAC  0      0      00000252 0      
645    SO     0      0      f0100ea4 0      
646    SO     0      2      f0100ea4 3436   lib/printfmt.c
647    OPT    0      0      00000000 49     gcc2_compiled.
648    FUN    0      0      f0100ea4 3451   printnum:f(0,1)=(0,1)
649    LSYM   0      0      00000000 308    void:t(0,1)
650    RSYM   0      0      00000007 3473   putch:P(0,2)=*(0,3)=f(0,1)
651    RSYM   0      0      00000006 3500   putdat:P(0,4)=*(0,1)
652    PSYM   0      0      00000008 3521   num:p(0,5)=r(0,5);0;-1;
653    PSYM   0      0      00000010 3545   base:p(0,6)=r(0,6);0;4294967295;
654    PSYM   0      0      00000014 3578   width:p(0,7)=r(0,7);-2147483648;2147483647;
655    PSYM   0      0      00000018 3622   padc:p(0,7)
656    LSYM   0      0      00000000 3634   long long unsigned int:t(0,5)
657    LSYM   0      0      00000000 3664   unsigned int:t(0,6)
658    LSYM   0      0      00000000 3684   int:t(0,7)
659    SLINE  0      38     00000000 0      
660    SLINE  0      40     00000031 0      
661    SLINE  0      40     0000003b 0      
662    SLINE  0      41     00000042 0      
663    SLINE  0      45     00000077 0      
664    SLINE  0      44     00000083 0      
665    SLINE  0      49     0000008a 0      
666    SLINE  0      49     0000008e 0      
667    SLINE  0      49     000000a8 0      
668    SLINE  0      50     000000b3 0      
669    RSYM   0      0      00000000 3695   base:r(0,6)
670    RSYM   0      0      00000003 3707   width:r(0,7)
671    FUN    0      0      f0100f62 3720   sprintputch:f(0,1)
672    PSYM   0      0      00000008 3739   ch:p(0,7)
673    PSYM   0      0      0000000c 3749   b:p(0,8)=*(0,9)=xssprintbuf:
674    LSYM   0      0      00000000 3778   sprintbuf:T(0,9)=s12buf:(0,10)=*(0,11)=r(0,11);0;127;,0,32;ebuf:(0,10),32,32;cnt:(0,7),64,32;;
675    LSYM   0      0      00000000 3873   char:t(0,11)
676    SLINE  0      264    00000000 0      
677    SLINE  0      265    00000006 0      
678    SLINE  0      266    0000000a 0      
679    SLINE  0      266    0000000c 0      
680    SLINE  0      267    00000011 0      
681    SLINE  0      267    00000016 0      
682    SLINE  0      268    0000001b 0      
683    RSYM   0      0      00000000 3886   ch:r(0,7)
684    RSYM   0      0      00000000 3896   b:r(0,8)
685    FUN    0      0      f0100f7f 3905   printfmt:F(0,1)
686    PSYM   0      0      00000008 3921   putch:p(0,2)
687    PSYM   0      0      0000000c 3934   putdat:p(0,4)
688    PSYM   0      0      00000010 3948   fmt:p(0,12)=*(0,11)
689    SLINE  0      248    00000000 0      
690    SLINE  0      251    00000006 0      
691    SLINE  0      252    00000009 0      
692    SLINE  0      254    00000018 0      
693    FUN    0      0      f0100f9c 3968   vprintfmt:F(0,1)
694    LSYM   0      0      00000000 3985   long long int:t(0,13)=r(0,13);-9223372036854775808;9223372036854775807;
695    LSYM   0      0      00000000 4057   unsigned char:t(0,14)=r(0,14);0;255;
696    LSYM   0      0      00000000 4094   uintptr_t:t(0,15)=(0,16)=(0,6)
697    LSYM   0      0      00000000 4125    :T(0,17)=eE_UNSPECIFIED:1,E_BAD_ENV:2,E_INVAL:3,E_NO_MEM:4,E_NO_FREE_ENV:5,E_FAULT:6,MAXERROR:7,;
698    LSYM   0      0      00000000 4224   uint32_t:t(0,16)
699    PSYM   0      0      00000008 3921   putch:p(0,2)
700    PSYM   0      0      0000000c 3934   putdat:p(0,4)
701    PSYM   0      0      00000010 4241   fmt:p(0,12)
702    PSYM   0      0      00000014 4253   ap:p(0,18)=(0,10)
703    LSYM   0      0      00000000 4271   va_list:t(0,18)
704    SLINE  0      84     00000000 0      
705    SLINE  0      168    0000001f 0      
706    SLINE  0      95     0000002a 0      
707    SLINE  0      92     00000034 0      
708    SLINE  0      92     00000037 0      
709    SLINE  0      92     0000003b 0      
710    SLINE  0      93     00000040 0      
711    SLINE  0      244    00000044 0      
712    SLINE  0      99     0000004c 0      
713    SLINE  0      103    00000050 0      
714    SLINE  0      101    00000057 0      
715    SLINE  0      100    0000005e 0      
716    SLINE  0      102    00000065 0      
717    SLINE  0      105    00000070 0      
718    SLINE  0      105    00000076 0      
719    SLINE  0      105    00000079 0      
720    SLINE  0      105    00000095 0      
721    SLINE  0      109    00000098 0      
722    SLINE  0      105    0000009e 0      
723    SLINE  0      105    000000a7 0      
724    SLINE  0      105    000000aa 0      
725    SLINE  0      127    000000ad 0      
726    SLINE  0      128    000000b5 0      
727    SLINE  0      128    000000b8 0      
728    SLINE  0      129    000000bc 0      
729    SLINE  0      130    000000bf 0      
730    SLINE  0      130    000000c2 0      
731    SLINE  0      127    000000c7 0      
732    SLINE  0      128    000000ca 0      
733    SLINE  0      136    000000cc 0      
734    SLINE  0      105    000000dd 0      
735    SLINE  0      149    000000e0 0      
736    SLINE  0      150    000000e6 0      
737    SLINE  0      150    000000ec 0      
738    SLINE  0      105    00000108 0      
739    SLINE  0      142    0000010b 0      
740    SLINE  0      105    00000110 0      
741    SLINE  0      145    00000113 0      
742    SLINE  0      146    0000011a 0      
743    SLINE  0      155    00000127 0      
744    SLINE  0      105    0000012b 0      
745    SLINE  0      156    0000012e 0      
746    SLINE  0      160    00000133 0      
747    SLINE  0      161    00000144 0      
748    SLINE  0      160    00000147 0      
749    SLINE  0      161    0000014a 0      
750    SLINE  0      165    0000014f 0      
751    SLINE  0      168    00000161 0      
752    SLINE  0      168    00000166 0      
753    SLINE  0      168    0000016c 0      
754    SLINE  0      171    00000170 0      
755    SLINE  0      165    00000185 0      
756    SLINE  0      169    0000018d 0      
757    SLINE  0      165    000001a2 0      
758    SLINE  0      169    000001a5 0      
759    SLINE  0      176    000001aa 0      
760    SLINE  0      177    000001bb 0      
761    SLINE  0      178    000001cc 0      
762    SLINE  0      179    000001d8 0      
763    SLINE  0      179    000001e5 0      
764    SLINE  0      179    000001f6 0      
765    SLINE  0      179    000001fe 0      
766    SLINE  0      179    00000201 0      
767    SLINE  0      180    00000203 0      
768    SLINE  0      179    0000020a 0      
769    SLINE  0      180    0000020c 0      
770    SLINE  0      179    00000215 0      
771    SLINE  0      179    0000021b 0      
772    SLINE  0      185    00000233 0      
773    SLINE  0      181    00000242 0      
774    SLINE  0      181    00000245 0      
775    SLINE  0      181    00000249 0      
776    SLINE  0      181    0000024c 0      
777    SLINE  0      181    00000250 0      
778    SLINE  0      181    00000256 0      
779    SLINE  0      182    0000025c 0      
780    SLINE  0      182    00000262 0      
781    SLINE  0      182    00000268 0      
782    SLINE  0      183    0000026d 0      
783    SLINE  0      187    0000027e 0      
784    SLINE  0      186    00000286 0      
785    SLINE  0      186    0000028c 0      
786    SLINE  0      176    00000290 0      
787    SLINE  0      70     0000029f 0      
788    SLINE  0      72     000002aa 0      
789    SLINE  0      73     000002ae 0      
790    SLINE  0      71     000002c5 0      
791    SLINE  0      193    000002dc 0      
792    SLINE  0      197    000002e2 0      
793    SLINE  0      193    000002e7 0      
794    SLINE  0      194    000002ef 0      
795    SLINE  0      195    000002f7 0      
796    SLINE  0      195    00000304 0      
797    SLINE  0      197    00000307 0      
798    SLINE  0      75     00000311 0      
799    SLINE  0      57     00000328 0      
800    SLINE  0      59     00000333 0      
801    SLINE  0      60     00000337 0      
802    SLINE  0      203    00000347 0      
803    SLINE  0      60     0000034c 0      
804    SLINE  0      58     00000351 0      
805    SLINE  0      203    0000035f 0      
806    SLINE  0      58     00000364 0      
807    SLINE  0      62     00000369 0      
808    SLINE  0      203    00000379 0      
809    SLINE  0      62     0000037e 0      
810    SLINE  0      57     00000380 0      
811    SLINE  0      59     0000038b 0      
812    SLINE  0      60     0000038f 0      
813    SLINE  0      210    0000039f 0      
814    SLINE  0      60     000003a4 0      
815    SLINE  0      58     000003a6 0      
816    SLINE  0      210    000003b4 0      
817    SLINE  0      58     000003b9 0      
818    SLINE  0      62     000003bb 0      
819    SLINE  0      210    000003cb 0      
820    SLINE  0      62     000003d0 0      
821    SLINE  0      216    000003d2 0      
822    SLINE  0      217    000003dd 0      
823    SLINE  0      218    000003e5 0      
824    SLINE  0      221    000003ef 0      
825    SLINE  0      219    000003f2 0      
826    SLINE  0      220    000003f8 0      
827    SLINE  0      228    000003fd 0      
828    SLINE  0      229    00000414 0      
829    SLINE  0      165    00000417 0      
830    SLINE  0      92     0000041a 0      
831    SLINE  0      57     0000041f 0      
832    SLINE  0      59     0000042a 0      
833    SLINE  0      60     0000042e 0      
834    SLINE  0      226    0000043e 0      
835    SLINE  0      60     00000443 0      
836    SLINE  0      58     00000445 0      
837    SLINE  0      226    00000453 0      
838    SLINE  0      58     00000458 0      
839    SLINE  0      62     0000045a 0      
840    SLINE  0      226    0000046a 0      
841    SLINE  0      62     0000046f 0      
842    SLINE  0      233    00000471 0      
843    SLINE  0      234    0000047c 0      
844    SLINE  0      238    00000481 0      
845    SLINE  0      239    0000048c 0      
846    SLINE  0      239    00000491 0      
847    SLINE  0      239    00000497 0      
848    RSYM   0      0      00000001 4287   num:r(0,5)
849    RSYM   0      0      00000002 4298   base:r(0,7)
850    RSYM   0      0      00000001 4310   lflag:r(0,7)
851    RSYM   0      0      00000006 4323   putch:r(0,2)
852    RSYM   0      0      00000007 4336   putdat:r(0,4)
853    RSYM   0      0      00000003 4350   fmt:r(0,12)
854    LBRAC  0      0      00000000 0      
855    RBRAC  0      0      000004a4 0      
856    FUN    0      0      f0101440 4362   vsnprintf:F(0,7)
857    PSYM   0      0      00000008 4379   buf:p(0,10)
858    PSYM   0      0      0000000c 4391   n:p(0,7)
859    PSYM   0      0      00000010 4241   fmt:p(0,12)
860    PSYM   0      0      00000014 4400   ap:p(0,18)
861    SLINE  0      272    00000000 0      
862    SLINE  0      273    00000018 0      
863    SLINE  0      273    0000001b 0      
864    SLINE  0      273    00000022 0      
865    SLINE  0      275    00000029 0      
866    SLINE  0      279    00000031 0      
867    SLINE  0      282    00000047 0      
868    SLINE  0      282    0000004a 0      
869    SLINE  0      284    0000004d 0      
870    SLINE  0      285    00000053 0      
871    SLINE  0      276    00000058 0      
872    LSYM   0      0      ffffffec 4411   b:(0,9)
873    RSYM   0      0      00000000 4419   buf:r(0,10)
874    RSYM   0      0      00000002 4431   n:r(0,7)
875    LBRAC  0      0      00000000 0      
876    RBRAC  0      0      0000005f 0      
877    FUN    0      0      f010149f 4440   snprintf:F(0,7)
878    PSYM   0      0      00000008 4379   buf:p(0,10)
879    PSYM   0      0      0000000c 4391   n:p(0,7)
880    PSYM   0      0      00000010 4241   fmt:p(0,12)
881    SLINE  0      289    00000000 0      
882    SLINE  0      293    00000006 0      
883    SLINE  0      294    00000009 0      
884    SLINE  0      298    00000018 0      
885    RSYM   0      0      00000000 4456   rc:r(0,7)
886    LBRAC  0      0      00000000 0      
887    RBRAC  0      0      0000001a 0      
888    STSYM  0      0      f0113050 4466   error_string:S(0,19)=ar(0,20)=r(0,20);0;4294967295;;0;6;(0,12)
889    SO     0      0      f01014b9 0      
890    SO     0      2      f01014bd 4529   lib/readline.c
891    OPT    0      0      00000000 49     gcc2_compiled.
892    FUN    0      0      f01014bd 4544   readline:F(0,1)=*(0,2)=r(0,2);0;127;
893    LSYM   0      0      00000000 4581   void:t(0,3)=(0,3)
894    LSYM   0      0      00000000 4599   char:t(0,2)
895    PSYM   0      0      00000008 4611   prompt:p(0,4)=*(0,2)
896    SLINE  0      9      00000000 0      
897    SLINE  0      12     00000017 0      
898    SLINE  0      13     0000001b 0      
899    SLINE  0      16     0000002e 0      
900    SLINE  0      15     0000003e 0      
901    SLINE  0      29     00000043 0      
902    SLINE  0      20     0000004e 0      
903    SLINE  0      21     0000005e 0      
904    SLINE  0      37     00000066 0      
905    SLINE  0      23     0000006e 0      
906    SLINE  0      25     00000074 0      
907    SLINE  0      24     00000079 0      
908    SLINE  0      29     00000088 0      
909    SLINE  0      29     00000090 0      
910    SLINE  0      18     00000093 0      
911    SLINE  0      19     0000009a 0      
912    SLINE  0      22     0000009e 0      
913    SLINE  0      22     000000a4 0      
914    SLINE  0      22     000000aa 0      
915    SLINE  0      26     000000b2 0      
916    SLINE  0      27     000000bf 0      
917    SLINE  0      28     000000c5 0      
918    SLINE  0      30     000000d3 0      
919    SLINE  0      31     000000dd 0      
920    SLINE  0      33     000000e3 0      
921    SLINE  0      34     000000eb 0      
922    SLINE  0      32     000000f6 0      
923    RSYM   0      0      00000006 4632   c:r(0,5)=r(0,5);-2147483648;2147483647;
924    LSYM   0      0      00000000 2947   int:t(0,5)
925    RSYM   0      0      00000000 4672   prompt:r(0,4)
926    LBRAC  0      0      00000000 0      
927    RBRAC  0      0      00000105 0      
928    LCSYM  0      0      f01132e0 4686   buf:S(0,6)=ar(0,7)=r(0,7);0;4294967295;;0;1023;(0,2)
929    SO     0      0      f01015c2 0      
930    SO     0      2      f01015c2 4739   lib/string.c
931    OPT    0      0      00000000 49     gcc2_compiled.
932    FUN    0      0      f01015c2 4752   strlen:F(0,1)=r(0,1);-2147483648;2147483647;
933    LSYM   0      0      00000000 590    int:t(0,1)
934    PSYM   0      0      00000008 4797   s:p(0,2)=*(0,3)=r(0,3);0;127;
935    LSYM   0      0      00000000 4827   char:t(0,3)
936    SLINE  0      13     00000000 0      
937    SLINE  0      16     00000006 0      
938    SLINE  0      16     0000000b 0      
939    SLINE  0      17     0000000d 0      
940    SLINE  0      16     00000010 0      
941    SLINE  0      19     00000016 0      
942    RSYM   0      0      00000000 4839   n:r(0,1)
943    RSYM   0      0      00000002 4848   s:r(0,2)
944    LBRAC  0      0      00000000 0      
945    RBRAC  0      0      00000018 0      
946    FUN    0      0      f01015da 4857   strnlen:F(0,1)
947    PSYM   0      0      00000008 4872   s:p(0,2)
948    PSYM   0      0      0000000c 4881   size:p(0,4)=(0,5)=(0,6)=r(0,6);0;4294967295;
949    LSYM   0      0      00000000 4926   size_t:t(0,4)
950    LSYM   0      0      00000000 4940   uint32_t:t(0,5)
951    LSYM   0      0      00000000 3664   unsigned int:t(0,6)
952    SLINE  0      23     00000000 0      
953    SLINE  0      26     00000009 0      
954    SLINE  0      26     0000000e 0      
955    SLINE  0      27     00000010 0      
956    SLINE  0      26     00000013 0      
957    SLINE  0      26     00000017 0      
958    SLINE  0      29     0000001f 0      
959    RSYM   0      0      00000001 4848   s:r(0,2)
960    FUN    0      0      f01015fd 4956   strcpy:F(0,7)=*(0,3)
961    PSYM   0      0      00000008 4977   dst:p(0,7)
962    PSYM   0      0      0000000c 4988   src:p(0,2)
963    SLINE  0      33     00000000 0      
964    SLINE  0      37     0000000a 0      
965    SLINE  0      37     0000000f 0      
966    SLINE  0      37     00000013 0      
967    SLINE  0      37     00000016 0      
968    SLINE  0      40     0000001d 0      
969    RSYM   0      0      00000001 4999   dst:r(0,7)
970    RSYM   0      0      00000003 5010   src:r(0,2)
971    FUN    0      0      f0101621 5021   strcat:F(0,7)
972    PSYM   0      0      00000008 4977   dst:p(0,7)
973    PSYM   0      0      0000000c 4988   src:p(0,2)
974    SLINE  0      44     00000000 0      
975    SLINE  0      45     0000000a 0      
976    SLINE  0      46     00000013 0      
977    SLINE  0      48     0000001e 0      
978    RSYM   0      0      00000003 4999   dst:r(0,7)
979    FUN    0      0      f0101646 5035   strncpy:F(0,7)
980    PSYM   0      0      00000008 4977   dst:p(0,7)
981    PSYM   0      0      0000000c 4988   src:p(0,2)
982    PSYM   0      0      00000010 5050   size:p(0,4)
983    SLINE  0      51     00000000 0      
984    SLINE  0      56     00000010 0      
985    SLINE  0      57     00000014 0      
986    SLINE  0      57     00000017 0      
987    SLINE  0      57     0000001a 0      
988    SLINE  0      60     0000001d 0      
989    SLINE  0      56     00000023 0      
990    SLINE  0      63     00000027 0      
991    RSYM   0      0      00000006 4999   dst:r(0,7)
992    RSYM   0      0      00000002 5010   src:r(0,2)
993    FUN    0      0      f0101673 5062   strlcpy:F(0,4)
994    PSYM   0      0      00000008 4977   dst:p(0,7)
995    PSYM   0      0      0000000c 4988   src:p(0,2)
996    PSYM   0      0      00000010 5050   size:p(0,4)
997    SLINE  0      67     00000000 0      
998    SLINE  0      71     00000010 0      
999    SLINE  0      73     0000001c 0      
1000   SLINE  0      73     0000001f 0      
1001   SLINE  0      73     00000022 0      
1002   SLINE  0      72     00000025 0      
1003   SLINE  0      72     00000029 0      
1004   SLINE  0      72     0000002c 0      
1005   SLINE  0      74     00000032 0      
1006   SLINE  0      76     00000035 0      
1007   SLINE  0      77     00000037 0      
1008   RSYM   0      0      00000006 4999   dst:r(0,7)
1009   RSYM   0      0      00000001 5010   src:r(0,2)
1010   RSYM   0      0      00000002 5077   size:r(0,4)
1011   FUN    0      0      f01016ae 5089   strcmp:F(0,1)
1012   LSYM   0      0      00000000 5103   unsigned char:t(0,8)=r(0,8);0;255;
1013   PSYM   0      0      00000008 5138   p:p(0,2)
1014   PSYM   0      0      0000000c 5147   q:p(0,2)
1015   SLINE  0      81     00000000 0      
1016   SLINE  0      82     00000009 0      
1017   SLINE  0      83     0000000b 0      
1018   SLINE  0      83     0000000e 0      
1019   SLINE  0      82     00000011 0      
1020   SLINE  0      82     00000014 0      
1021   SLINE  0      82     00000018 0      
1022   SLINE  0      84     0000001c 0      
1023   SLINE  0      84     0000001f 0      
1024   SLINE  0      84     00000022 0      
1025   SLINE  0      85     00000024 0      
1026   RSYM   0      0      00000001 5156   p:r(0,2)
1027   RSYM   0      0      00000002 5165   q:r(0,2)
1028   FUN    0      0      f01016d4 5174   strncmp:F(0,1)
1029   PSYM   0      0      00000008 5138   p:p(0,2)
1030   PSYM   0      0      0000000c 5147   q:p(0,2)
1031   PSYM   0      0      00000010 5189   n:p(0,4)
1032   SLINE  0      89     00000000 0      
1033   SLINE  0      90     0000000f 0      
1034   SLINE  0      91     00000011 0      
1035   SLINE  0      91     00000014 0      
1036   SLINE  0      90     00000017 0      
1037   SLINE  0      90     0000001b 0      
1038   SLINE  0      90     0000001e 0      
1039   SLINE  0      90     00000022 0      
1040   SLINE  0      95     00000026 0      
1041   SLINE  0      95     00000029 0      
1042   SLINE  0      95     0000002c 0      
1043   SLINE  0      96     0000002e 0      
1044   SLINE  0      93     00000033 0      
1045   RSYM   0      0      00000000 5156   p:r(0,2)
1046   RSYM   0      0      00000002 5165   q:r(0,2)
1047   FUN    0      0      f010170e 5198   strchr:F(0,7)
1048   PSYM   0      0      00000008 4872   s:p(0,2)
1049   PSYM   0      0      0000000c 1076   c:p(0,1)
1050   SLINE  0      102    00000000 0      
1051   SLINE  0      103    0000000a 0      
1052   SLINE  0      103    0000000c 0      
1053   SLINE  0      103    0000000f 0      
1054   SLINE  0      104    00000016 0      
1055   SLINE  0      106    0000001c 0      
1056   SLINE  0      107    00000021 0      
1057   RSYM   0      0      00000000 4848   s:r(0,2)
1058   RSYM   0      0      00000001 5212   c:r(0,3)
1059   FUN    0      0      f0101731 5221   strfind:F(0,7)
1060   PSYM   0      0      00000008 4872   s:p(0,2)
1061   PSYM   0      0      0000000c 1076   c:p(0,1)
1062   SLINE  0      113    00000000 0      
1063   SLINE  0      114    0000000a 0      
1064   SLINE  0      115    0000000d 0      
1065   SLINE  0      114    00000015 0      
1066   SLINE  0      118    0000001a 0      
1067   RSYM   0      0      00000000 4848   s:r(0,2)
1068   RSYM   0      0      00000001 5212   c:r(0,3)
1069   FUN    0      0      f010174d 5236   memset:F(0,9)=*(0,10)=(0,10)
1070   LSYM   0      0      00000000 5265   void:t(0,10)
1071   PSYM   0      0      00000008 5278   v:p(0,9)
1072   PSYM   0      0      0000000c 1076   c:p(0,1)
1073   PSYM   0      0      00000010 5189   n:p(0,4)
1074   SLINE  0      123    00000000 0      
1075   SLINE  0      126    0000000c 0      
1076   SLINE  0      128    00000010 0      
1077   SLINE  0      129    00000018 0      
1078   SLINE  0      130    0000001c 0      
1079   SLINE  0      130    00000021 0      
1080   SLINE  0      130    00000026 0      
1081   SLINE  0      130    0000002b 0      
1082   SLINE  0      130    0000002f 0      
1083   SLINE  0      132    00000031 0      
1084   SLINE  0      131    00000034 0      
1085   SLINE  0      135    00000039 0      
1086   SLINE  0      139    0000003f 0      
1087   RSYM   0      0      00000007 5287   v:r(0,9)
1088   RSYM   0      0      00000001 5296   n:r(0,4)
1089   FUN    0      0      f0101793 5305   memmove:F(0,9)
1090   PSYM   0      0      00000008 5320   dst:p(0,9)
1091   PSYM   0      0      0000000c 5331   src:p(0,11)=*(0,10)
1092   PSYM   0      0      00000010 5189   n:p(0,4)
1093   SLINE  0      143    00000000 0      
1094   SLINE  0      149    0000000e 0      
1095   SLINE  0      149    00000012 0      
1096   SLINE  0      149    00000015 0      
1097   SLINE  0      151    00000019 0      
1098   SLINE  0      152    0000001c 0      
1099   SLINE  0      154    0000002a 0      
1100   SLINE  0      154    0000002d 0      
1101   SLINE  0      154    00000030 0      
1102   SLINE  0      153    00000033 0      
1103   SLINE  0      157    00000038 0      
1104   SLINE  0      157    0000003b 0      
1105   SLINE  0      156    0000003e 0      
1106   SLINE  0      159    00000041 0      
1107   SLINE  0      161    00000044 0      
1108   SLINE  0      163    0000004f 0      
1109   SLINE  0      162    00000052 0      
1110   SLINE  0      165    00000059 0      
1111   SLINE  0      169    0000005e 0      
1112   RSYM   0      0      00000007 5351   d:r(0,7)
1113   RSYM   0      0      00000000 5360   dst:r(0,9)
1114   RSYM   0      0      00000006 5371   src:r(0,11)
1115   RSYM   0      0      00000001 5296   n:r(0,4)
1116   LBRAC  0      0      00000000 0      
1117   RBRAC  0      0      00000062 0      
1118   FUN    0      0      f01017f5 5383   memcpy:F(0,9)
1119   PSYM   0      0      00000008 5320   dst:p(0,9)
1120   PSYM   0      0      0000000c 5397   src:p(0,11)
1121   PSYM   0      0      00000010 5189   n:p(0,4)
1122   SLINE  0      210    00000000 0      
1123   SLINE  0      211    00000006 0      
1124   SLINE  0      212    00000014 0      
1125   FUN    0      0      f010180b 5409   memcmp:F(0,1)
1126   LSYM   0      0      00000000 5423   uint8_t:t(0,12)=(0,8)
1127   PSYM   0      0      00000008 5445   v1:p(0,11)
1128   PSYM   0      0      0000000c 5456   v2:p(0,11)
1129   PSYM   0      0      00000010 5189   n:p(0,4)
1130   SLINE  0      216    00000000 0      
1131   SLINE  0      220    00000010 0      
1132   SLINE  0      223    00000012 0      
1133   SLINE  0      223    00000015 0      
1134   SLINE  0      220    00000018 0      
1135   SLINE  0      221    0000001c 0      
1136   SLINE  0      221    0000001f 0      
1137   SLINE  0      221    00000022 0      
1138   SLINE  0      222    00000026 0      
1139   SLINE  0      222    00000029 0      
1140   SLINE  0      222    0000002c 0      
1141   SLINE  0      226    00000030 0      
1142   SLINE  0      227    00000035 0      
1143   RSYM   0      0      00000000 5467   s1:r(0,13)=*(0,12)
1144   RSYM   0      0      00000002 5486   s2:r(0,13)
1145   RSYM   0      0      00000000 5497   v1:r(0,11)
1146   RSYM   0      0      00000002 5508   v2:r(0,11)
1147   LBRAC  0      0      00000000 0      
1148   RBRAC  0      0      00000039 0      
1149   FUN    0      0      f0101844 5519   memfind:F(0,9)
1150   PSYM   0      0      00000008 5534   s:p(0,11)
1151   PSYM   0      0      0000000c 1076   c:p(0,1)
1152   PSYM   0      0      00000010 5189   n:p(0,4)
1153   SLINE  0      231    00000000 0      
1154   SLINE  0      232    00000009 0      
1155   SLINE  0      233    0000000e 0      
1156   SLINE  0      233    00000010 0      
1157   SLINE  0      233    00000013 0      
1158   SLINE  0      234    00000017 0      
1159   SLINE  0      237    0000001b 0      
1160   RSYM   0      0      00000002 5544   ends:r(0,11)
1161   RSYM   0      0      00000000 5557   s:r(0,11)
1162   RSYM   0      0      00000001 730    c:r(0,1)
1163   LBRAC  0      0      00000000 0      
1164   RBRAC  0      0      0000001d 0      
1165   FUN    0      0      f0101861 5567   strtol:F(0,14)=r(0,14);-2147483648;2147483647;
1166   LSYM   0      0      00000000 5614   long int:t(0,14)
1167   PSYM   0      0      00000008 4872   s:p(0,2)
1168   PSYM   0      0      0000000c 5631   endptr:p(0,15)=*(0,7)
1169   PSYM   0      0      00000010 5653   base:p(0,1)
1170   SLINE  0      241    00000000 0      
1171   SLINE  0      246    0000000c 0      
1172   SLINE  0      247    0000000e 0      
1173   SLINE  0      246    00000011 0      
1174   SLINE  0      246    00000014 0      
1175   SLINE  0      250    0000001c 0      
1176   SLINE  0      242    00000020 0      
1177   SLINE  0      252    00000025 0      
1178   SLINE  0      256    00000029 0      
1179   SLINE  0      256    00000031 0      
1180   SLINE  0      261    00000036 0      
1181   SLINE  0      251    0000004a 0      
1182   SLINE  0      242    0000004d 0      
1183   SLINE  0      253    00000054 0      
1184   SLINE  0      253    00000057 0      
1185   SLINE  0      256    0000005e 0      
1186   SLINE  0      258    00000064 0      
1187   SLINE  0      259    00000068 0      
1188   SLINE  0      259    0000006b 0      
1189   SLINE  0      259    00000070 0      
1190   SLINE  0      257    00000072 0      
1191   SLINE  0      257    00000075 0      
1192   SLINE  0      257    0000007a 0      
1193   SLINE  0      268    0000007c 0      
1194   SLINE  0      268    0000007f 0      
1195   SLINE  0      275    00000082 0      
1196   SLINE  0      277    00000087 0      
1197   SLINE  0      277    0000008a 0      
1198   SLINE  0      277    0000008e 0      
1199   SLINE  0      267    00000090 0      
1200   SLINE  0      267    00000093 0      
1201   SLINE  0      267    00000096 0      
1202   SLINE  0      269    0000009d 0      
1203   SLINE  0      269    000000a0 0      
1204   SLINE  0      270    000000a7 0      
1205   SLINE  0      270    000000aa 0      
1206   SLINE  0      271    000000af 0      
1207   SLINE  0      271    000000b2 0      
1208   SLINE  0      272    000000b9 0      
1209   SLINE  0      272    000000bc 0      
1210   SLINE  0      281    000000c1 0      
1211   SLINE  0      282    000000c7 0      
1212   SLINE  0      283    000000cc 0      
1213   SLINE  0      284    000000d5 0      
1214   RSYM   0      0      00000007 5665   neg:r(0,1)
1215   RSYM   0      0      00000001 5676   val:r(0,14)
1216   RSYM   0      0      00000002 4848   s:r(0,2)
1217   RSYM   0      0      00000003 5688   base:r(0,1)
1218   LBRAC  0      0      00000000 0      
1219   RSYM   0      0      00000000 5700   dig:r(0,1)
1220   LBRAC  0      0      0000007c 0      
1221   RBRAC  0      0      000000c1 0      
1222   RBRAC  0      0      000000dc 0      
1223   SO     0      0      f010193d 0      

